Copyright 1986-2018 Xilinx, Inc. All Rights Reserved.
-----------------------------------------------------------------------------------------------
| Tool Version      : Vivado v.2018.2 (lin64) Build 2258646 Thu Jun 14 20:02:38 MDT 2018
| Date              : Mon Aug 26 15:47:48 2024
| Host              : max running 64-bit Debian GNU/Linux 12 (bookworm)
| Command           : report_clock_utilization -file interpolator_clock_utilization_routed.rpt
| Design            : interpolator
| Device            : 7a200ti-fbg676
| Speed File        : -1L  PRODUCTION 1.22 2018-03-21
| Temperature Grade : I
-----------------------------------------------------------------------------------------------

Clock Utilization Report

Table of Contents
-----------------
1. Clock Primitive Utilization
2. Global Clock Resources
3. Global Clock Source Details
4. Clock Regions: Key Resource Utilization
5. Clock Regions : Global Clock Summary
6. Device Cell Placement Summary for Global Clock g0
7. Device Cell Placement Summary for Global Clock g1
8. Device Cell Placement Summary for Global Clock g2
9. Device Cell Placement Summary for Global Clock g3
10. Device Cell Placement Summary for Global Clock g4
11. Device Cell Placement Summary for Global Clock g5
12. Device Cell Placement Summary for Global Clock g6
13. Device Cell Placement Summary for Global Clock g7
14. Device Cell Placement Summary for Global Clock g8
15. Device Cell Placement Summary for Global Clock g9
16. Device Cell Placement Summary for Global Clock g10
17. Device Cell Placement Summary for Global Clock g11
18. Clock Region Cell Placement per Global Clock: Region X0Y0
19. Clock Region Cell Placement per Global Clock: Region X1Y0
20. Clock Region Cell Placement per Global Clock: Region X0Y1
21. Clock Region Cell Placement per Global Clock: Region X1Y1
22. Clock Region Cell Placement per Global Clock: Region X0Y2
23. Clock Region Cell Placement per Global Clock: Region X1Y2
24. Clock Region Cell Placement per Global Clock: Region X0Y3
25. Clock Region Cell Placement per Global Clock: Region X1Y3
26. Clock Region Cell Placement per Global Clock: Region X0Y4
27. Clock Region Cell Placement per Global Clock: Region X1Y4

1. Clock Primitive Utilization
------------------------------

+----------+------+-----------+-----+--------------+--------+
| Type     | Used | Available | LOC | Clock Region | Pblock |
+----------+------+-----------+-----+--------------+--------+
| BUFGCTRL |   12 |        32 |   0 |            0 |      0 |
| BUFH     |    0 |       120 |   0 |            0 |      0 |
| BUFIO    |    0 |        40 |   0 |            0 |      0 |
| BUFMR    |    0 |        20 |   0 |            0 |      0 |
| BUFR     |    0 |        40 |   0 |            0 |      0 |
| MMCM     |    1 |        10 |   0 |            0 |      0 |
| PLL      |    0 |        10 |   0 |            0 |      0 |
+----------+------+-----------+-----+--------------+--------+


2. Global Clock Resources
-------------------------

+-----------+-----------+-----------------+------------+----------------+--------------+-------------------+-------------+-----------------+--------------+--------------------+-----------------------------------+----------------------------------------+
| Global Id | Source Id | Driver Type/Pin | Constraint | Site           | Clock Region | Load Clock Region | Clock Loads | Non-Clock Loads | Clock Period | Clock              | Driver Pin                        | Net                                    |
+-----------+-----------+-----------------+------------+----------------+--------------+-------------------+-------------+-----------------+--------------+--------------------+-----------------------------------+----------------------------------------+
| g0        | src0      | BUFG/O          | None       | BUFGCTRL_X0Y6  | n/a          |                10 |       74953 |               0 |       34.000 | clk_pin            | CLK_IBUF_BUFG_inst/O              | CLK_IBUF_BUFG                          |
| g1        | src1      | BUFG/O          | None       | BUFGCTRL_X0Y16 | n/a          |                 5 |          96 |               1 |       37.000 | clk_display_pin    | DISP_MCLK_OBUF_BUFG_inst/O        | DISP_MCLK_OBUF_BUFG                    |
| g2        | src2      | BUFG/O          | None       | BUFGCTRL_X0Y8  | n/a          |                 5 |          50 |              96 |              |                    | reset_pix_cnt_display_BUFG_inst/O | reset_pix_cnt_display_BUFG             |
| g3        | src3      | BUFG/O          | None       | BUFGCTRL_X0Y9  | n/a          |                 2 |           3 |              72 |              |                    | reset_pix_cnt_BUFG_inst/O         | reset_pix_cnt_BUFG                     |
| g4        | src4      | BUFG/O          | None       | BUFGCTRL_X0Y10 | n/a          |                 1 |           1 |               0 |       33.898 | clkfbout_clk_wiz_0 | ccd_clocks/inst/clkf_buf/O        | ccd_clocks/inst/clkfbout_buf_clk_wiz_0 |
| g5        | src5      | BUFG/O          | None       | BUFGCTRL_X0Y7  | n/a          |                10 |           1 |           37444 |              |                    | shift_BUFG_inst/O                 | shift_BUFG                             |
| g6        | src4      | BUFG/O          | None       | BUFGCTRL_X0Y5  | n/a          |                 1 |           0 |               1 |       33.898 | adc_clk_wiz_0      | ccd_clocks/inst/clkout6_buf/O     | ccd_clocks/inst/adc                    |
| g7        | src4      | BUFG/O          | None       | BUFGCTRL_X0Y1  | n/a          |                 1 |           0 |               1 |       33.898 | clamp_clk_wiz_0    | ccd_clocks/inst/clkout2_buf/O     | ccd_clocks/inst/clamp                  |
| g8        | src4      | BUFG/O          | None       | BUFGCTRL_X0Y4  | n/a          |                 1 |           0 |               1 |       33.898 | hphi_1_clk_wiz_0   | ccd_clocks/inst/clkout5_buf/O     | ccd_clocks/inst/hphi_1                 |
| g9        | src4      | BUFG/O          | None       | BUFGCTRL_X0Y0  | n/a          |                 1 |           0 |               1 |       33.898 | hphi_2_clk_wiz_0   | ccd_clocks/inst/clkout1_buf/O     | ccd_clocks/inst/hphi_2                 |
| g10       | src4      | BUFG/O          | None       | BUFGCTRL_X0Y3  | n/a          |                 1 |           0 |               1 |       33.898 | phirg_clk_wiz_0    | ccd_clocks/inst/clkout4_buf/O     | ccd_clocks/inst/phirg                  |
| g11       | src4      | BUFG/O          | None       | BUFGCTRL_X0Y2  | n/a          |                 1 |           0 |               1 |       33.898 | sample_clk_wiz_0   | ccd_clocks/inst/clkout3_buf/O     | ccd_clocks/inst/sample                 |
+-----------+-----------+-----------------+------------+----------------+--------------+-------------------+-------------+-----------------+--------------+--------------------+-----------------------------------+----------------------------------------+
* Clock Loads column represents the clock pin loads (pin count)
** Non-Clock Loads column represents the non-clock pin loads (pin count)


3. Global Clock Source Details
------------------------------

+-----------+-----------+---------------------+------------+-----------------+--------------+-------------+-----------------+---------------------+--------------------+-------------------------------------------------------+---------------------------------------+
| Source Id | Global Id | Driver Type/Pin     | Constraint | Site            | Clock Region | Clock Loads | Non-Clock Loads | Source Clock Period | Source Clock       | Driver Pin                                            | Net                                   |
+-----------+-----------+---------------------+------------+-----------------+--------------+-------------+-----------------+---------------------+--------------------+-------------------------------------------------------+---------------------------------------+
| src0      | g0        | IBUF/O              | IOB_X0Y124 | IOB_X0Y124      | X0Y2         |           1 |               0 |              34.000 | clk_pin            | CLK_IBUF_inst/O                                       | CLK_IBUF                              |
| src1      | g1        | IBUF/O              | IOB_X0Y222 | IOB_X0Y222      | X0Y4         |           1 |               0 |              37.000 | clk_display_pin    | CLK_DISPLAY_IBUF_inst/O                               | DISP_MCLK_OBUF                        |
| src2      | g2        | LUT4/O              | None       | SLICE_X79Y146   | X0Y2         |           1 |               0 |                     |                    | PIX_CNT_DISPLAY/reset_pix_cnt_display_BUFG_inst_i_1/O | PIX_CNT_DISPLAY/reset_pix_cnt_display |
| src3      | g3        | LUT5/O              | None       | SLICE_X85Y117   | X1Y2         |           1 |               0 |                     |                    | PIX_CNT/reset_pix_cnt_BUFG_inst_i_1/O                 | PIX_CNT/reset_pix_cnt                 |
| src4      | g6        | MMCME2_ADV/CLKOUT5  | None       | MMCME2_ADV_X1Y0 | X1Y0         |           1 |               0 |              33.898 | adc_clk_wiz_0      | ccd_clocks/inst/mmcm_adv_inst/CLKOUT5                 | ccd_clocks/inst/adc_clk_wiz_0         |
| src4      | g7        | MMCME2_ADV/CLKOUT1  | None       | MMCME2_ADV_X1Y0 | X1Y0         |           1 |               0 |              33.898 | clamp_clk_wiz_0    | ccd_clocks/inst/mmcm_adv_inst/CLKOUT1                 | ccd_clocks/inst/clamp_clk_wiz_0       |
| src4      | g4        | MMCME2_ADV/CLKFBOUT | None       | MMCME2_ADV_X1Y0 | X1Y0         |           1 |               0 |              33.898 | clkfbout_clk_wiz_0 | ccd_clocks/inst/mmcm_adv_inst/CLKFBOUT                | ccd_clocks/inst/clkfbout_clk_wiz_0    |
| src4      | g8        | MMCME2_ADV/CLKOUT4  | None       | MMCME2_ADV_X1Y0 | X1Y0         |           1 |               0 |              33.898 | hphi_1_clk_wiz_0   | ccd_clocks/inst/mmcm_adv_inst/CLKOUT4                 | ccd_clocks/inst/hphi_1_clk_wiz_0      |
| src4      | g9        | MMCME2_ADV/CLKOUT0  | None       | MMCME2_ADV_X1Y0 | X1Y0         |           1 |               0 |              33.898 | hphi_2_clk_wiz_0   | ccd_clocks/inst/mmcm_adv_inst/CLKOUT0                 | ccd_clocks/inst/hphi_2_clk_wiz_0      |
| src4      | g10       | MMCME2_ADV/CLKOUT3  | None       | MMCME2_ADV_X1Y0 | X1Y0         |           1 |               0 |              33.898 | phirg_clk_wiz_0    | ccd_clocks/inst/mmcm_adv_inst/CLKOUT3                 | ccd_clocks/inst/phirg_clk_wiz_0       |
| src4      | g11       | MMCME2_ADV/CLKOUT1B | None       | MMCME2_ADV_X1Y0 | X1Y0         |           1 |               0 |              33.898 | sample_clk_wiz_0   | ccd_clocks/inst/mmcm_adv_inst/CLKOUT1B                | ccd_clocks/inst/sample_clk_wiz_0      |
| src5      | g5        | LUT3/O              | None       | SLICE_X83Y144   | X0Y2         |           1 |               0 |                     |                    | REG_FILE_CNT/shift_BUFG_inst_i_1/O                    | REG_FILE_CNT/shift                    |
+-----------+-----------+---------------------+------------+-----------------+--------------+-------------+-----------------+---------------------+--------------------+-------------------------------------------------------+---------------------------------------+
* Clock Loads column represents the clock pin loads (pin count)
** Non-Clock Loads column represents the non-clock pin loads (pin count)


4. Clock Regions: Key Resource Utilization
------------------------------------------

+-------------------+--------------+--------------+--------------+--------------+--------------+--------------+--------------+--------------+--------------+--------------+---------------+--------------+--------------+--------------+--------------+
|                   | Global Clock |     BUFRs    |    BUFMRs    |    BUFIOs    |     MMCM     |      PLL     |      GT      |      PCI     |    ILOGIC    |    OLOGIC    |       FF      |     LUTM     |    RAMB18    |    RAMB36    |    DSP48E2   |
+-------------------+------+-------+------+-------+------+-------+------+-------+------+-------+------+-------+------+-------+------+-------+------+-------+------+-------+-------+-------+------+-------+------+-------+------+-------+------+-------+
| Clock Region Name | Used | Avail | Used | Avail | Used | Avail | Used | Avail | Used | Avail | Used | Avail | Used | Avail | Used | Avail | Used | Avail | Used | Avail | Used  | Avail | Used | Avail | Used | Avail | Used | Avail | Used | Avail |
+-------------------+------+-------+------+-------+------+-------+------+-------+------+-------+------+-------+------+-------+------+-------+------+-------+------+-------+-------+-------+------+-------+------+-------+------+-------+------+-------+
| X0Y0              |    2 |    12 |    0 |     4 |    0 |     2 |    0 |     4 |    0 |     1 |    0 |     1 |    0 |     4 |    0 |     0 |    0 |    50 |    0 |    50 |  5378 |  2700 | 1724 |   800 |    0 |    60 |    0 |    30 |    0 |    60 |
| X1Y0              |    3 |    12 |    0 |     4 |    0 |     2 |    0 |     4 |    1 |     1 |    0 |     1 |    0 |     4 |    0 |     0 |    0 |    50 |    0 |    50 |  6058 |  2500 | 1945 |   800 |    0 |    40 |    0 |    20 |    0 |    40 |
| X0Y1              |    3 |    12 |    0 |     4 |    0 |     2 |    0 |     4 |    0 |     1 |    0 |     1 |    0 |     0 |    0 |     0 |    0 |    50 |    0 |    50 | 11378 |  4200 | 3871 |  1400 |    0 |   100 |    0 |    50 |    0 |   100 |
| X1Y1              |    3 |    12 |    0 |     4 |    0 |     2 |    0 |     4 |    0 |     1 |    0 |     1 |    0 |     0 |    0 |     0 |    0 |    50 |    0 |    50 | 10465 |  4000 | 3692 |  1400 |    0 |    80 |    0 |    40 |    0 |    80 |
| X0Y2              |   11 |    12 |    0 |     4 |    0 |     2 |    0 |     4 |    0 |     1 |    0 |     1 |    0 |     0 |    0 |     0 |    0 |    50 |    0 |    50 |  8945 |  3600 | 3593 |  1400 |    0 |   100 |    0 |    50 |    0 |   100 |
| X1Y2              |    4 |    12 |    0 |     4 |    0 |     2 |    0 |     4 |    0 |     1 |    0 |     1 |    0 |     0 |    0 |     0 |    0 |    50 |    0 |    50 | 10655 |  4000 | 3776 |  1400 |    0 |    80 |    0 |    40 |    0 |    80 |
| X0Y3              |    4 |    12 |    0 |     4 |    0 |     2 |    0 |     4 |    0 |     1 |    0 |     1 |    0 |     0 |    0 |     0 |    0 |    50 |    0 |    50 |  7164 |  3600 | 2852 |  1400 |    0 |   100 |    0 |    50 |    0 |   100 |
| X1Y3              |    4 |    12 |    0 |     4 |    0 |     2 |    0 |     4 |    0 |     1 |    0 |     1 |    0 |     0 |    0 |     0 |    0 |    50 |    0 |    50 | 10939 |  4000 | 3924 |  1400 |    0 |    80 |    0 |    40 |    0 |    80 |
| X0Y4              |    3 |    12 |    0 |     4 |    0 |     2 |    0 |     4 |    0 |     1 |    0 |     1 |    0 |     4 |    0 |     1 |    0 |    50 |    0 |    50 |   368 |  2550 |   82 |   750 |    0 |    50 |    0 |    25 |    0 |    60 |
| X1Y4              |    2 |    12 |    0 |     4 |    0 |     2 |    0 |     4 |    0 |     1 |    0 |     1 |    0 |     4 |    0 |     0 |    0 |    50 |    0 |    50 |  3751 |  2500 | 1242 |   800 |    0 |    40 |    0 |    20 |    0 |    40 |
+-------------------+------+-------+------+-------+------+-------+------+-------+------+-------+------+-------+------+-------+------+-------+------+-------+------+-------+-------+-------+------+-------+------+-------+------+-------+------+-------+
* Global Clock column represents track count; while other columns represents cell counts


5. Clock Regions : Global Clock Summary
---------------------------------------

All Modules
+----+----+----+
|    | X0 | X1 |
+----+----+----+
| Y4 |  3 |  2 |
| Y3 |  4 |  4 |
| Y2 | 11 |  4 |
| Y1 |  3 |  3 |
| Y0 |  2 |  3 |
+----+----+----+


6. Device Cell Placement Summary for Global Clock g0
----------------------------------------------------

+-----------+-----------------+-------------------+---------+-------------+----------------+-------------+----------+----------------+----------+---------------+
| Global Id | Driver Type/Pin | Driver Region (D) | Clock   | Period (ns) | Waveform (ns)  | Slice Loads | IO Loads | Clocking Loads | GT Loads | Net           |
+-----------+-----------------+-------------------+---------+-------------+----------------+-------------+----------+----------------+----------+---------------+
| g0        | BUFG/O          | n/a               | clk_pin |      34.000 | {0.000 17.000} |       74952 |        0 |              1 |        0 | CLK_IBUF_BUFG |
+-----------+-----------------+-------------------+---------+-------------+----------------+-------------+----------+----------------+----------+---------------+
* Logic Loads column represents load cell count of all cell types other than IO, GT and clock resources
** IO Loads column represents load cell count of IO types
*** Clocking Loads column represents load cell count that are clock resources (global clock buffer, MMCM, PLL, etc)
**** GT Loads column represents load cell count of GT types


+----+--------+--------+
|    | X0     | X1     |
+----+--------+--------+
| Y4 |    368 |   3751 |
| Y3 |   7150 |  10935 |
| Y2 |   8820 |  10650 |
| Y1 |  11378 |  10464 |
| Y0 |   5378 |   6059 |
+----+--------+--------+


7. Device Cell Placement Summary for Global Clock g1
----------------------------------------------------

+-----------+-----------------+-------------------+-----------------+-------------+----------------+-------------+----------+----------------+----------+---------------------+
| Global Id | Driver Type/Pin | Driver Region (D) | Clock           | Period (ns) | Waveform (ns)  | Slice Loads | IO Loads | Clocking Loads | GT Loads | Net                 |
+-----------+-----------------+-------------------+-----------------+-------------+----------------+-------------+----------+----------------+----------+---------------------+
| g1        | BUFG/O          | n/a               | clk_display_pin |      37.000 | {0.000 18.500} |          96 |        1 |              0 |        0 | DISP_MCLK_OBUF_BUFG |
+-----------+-----------------+-------------------+-----------------+-------------+----------------+-------------+----------+----------------+----------+---------------------+
* Logic Loads column represents load cell count of all cell types other than IO, GT and clock resources
** IO Loads column represents load cell count of IO types
*** Clocking Loads column represents load cell count that are clock resources (global clock buffer, MMCM, PLL, etc)
**** GT Loads column represents load cell count of GT types


+----+-----+----+
|    | X0  | X1 |
+----+-----+----+
| Y4 |   1 |  0 |
| Y3 |  14 |  4 |
| Y2 |  74 |  4 |
| Y1 |   0 |  0 |
| Y0 |   0 |  0 |
+----+-----+----+


8. Device Cell Placement Summary for Global Clock g2
----------------------------------------------------

+-----------+-----------------+-------------------+-------+-------------+---------------+-------------+----------+----------------+----------+----------------------------+
| Global Id | Driver Type/Pin | Driver Region (D) | Clock | Period (ns) | Waveform (ns) | Slice Loads | IO Loads | Clocking Loads | GT Loads | Net                        |
+-----------+-----------------+-------------------+-------+-------------+---------------+-------------+----------+----------------+----------+----------------------------+
| g2        | BUFG/O          | n/a               |       |             |               |         146 |        0 |              0 |        0 | reset_pix_cnt_display_BUFG |
+-----------+-----------------+-------------------+-------+-------------+---------------+-------------+----------+----------------+----------+----------------------------+
* Logic Loads column represents load cell count of all cell types other than IO, GT and clock resources
** IO Loads column represents load cell count of IO types
*** Clocking Loads column represents load cell count that are clock resources (global clock buffer, MMCM, PLL, etc)
**** GT Loads column represents load cell count of GT types


+----+------+----+
|    | X0   | X1 |
+----+------+----+
| Y4 |    0 |  0 |
| Y3 |   14 |  4 |
| Y2 |  122 |  5 |
| Y1 |    0 |  1 |
| Y0 |    0 |  0 |
+----+------+----+


9. Device Cell Placement Summary for Global Clock g3
----------------------------------------------------

+-----------+-----------------+-------------------+-------+-------------+---------------+-------------+----------+----------------+----------+--------------------+
| Global Id | Driver Type/Pin | Driver Region (D) | Clock | Period (ns) | Waveform (ns) | Slice Loads | IO Loads | Clocking Loads | GT Loads | Net                |
+-----------+-----------------+-------------------+-------+-------------+---------------+-------------+----------+----------------+----------+--------------------+
| g3        | BUFG/O          | n/a               |       |             |               |          75 |        0 |              0 |        0 | reset_pix_cnt_BUFG |
+-----------+-----------------+-------------------+-------+-------------+---------------+-------------+----------+----------------+----------+--------------------+
* Logic Loads column represents load cell count of all cell types other than IO, GT and clock resources
** IO Loads column represents load cell count of IO types
*** Clocking Loads column represents load cell count that are clock resources (global clock buffer, MMCM, PLL, etc)
**** GT Loads column represents load cell count of GT types


+----+-----+----+
|    | X0  | X1 |
+----+-----+----+
| Y4 |   0 |  0 |
| Y3 |   0 |  0 |
| Y2 |  61 |  0 |
| Y1 |  14 |  0 |
| Y0 |   0 |  0 |
+----+-----+----+


10. Device Cell Placement Summary for Global Clock g4
-----------------------------------------------------

+-----------+-----------------+-------------------+--------------------+-------------+----------------+-------------+----------+----------------+----------+----------------------------------------+
| Global Id | Driver Type/Pin | Driver Region (D) | Clock              | Period (ns) | Waveform (ns)  | Slice Loads | IO Loads | Clocking Loads | GT Loads | Net                                    |
+-----------+-----------------+-------------------+--------------------+-------------+----------------+-------------+----------+----------------+----------+----------------------------------------+
| g4        | BUFG/O          | n/a               | clkfbout_clk_wiz_0 |      33.898 | {0.000 16.949} |           0 |        0 |              1 |        0 | ccd_clocks/inst/clkfbout_buf_clk_wiz_0 |
+-----------+-----------------+-------------------+--------------------+-------------+----------------+-------------+----------+----------------+----------+----------------------------------------+
* Logic Loads column represents load cell count of all cell types other than IO, GT and clock resources
** IO Loads column represents load cell count of IO types
*** Clocking Loads column represents load cell count that are clock resources (global clock buffer, MMCM, PLL, etc)
**** GT Loads column represents load cell count of GT types


+----+----+----+
|    | X0 | X1 |
+----+----+----+
| Y4 |  0 |  0 |
| Y3 |  0 |  0 |
| Y2 |  0 |  0 |
| Y1 |  0 |  0 |
| Y0 |  0 |  1 |
+----+----+----+


11. Device Cell Placement Summary for Global Clock g5
-----------------------------------------------------

+-----------+-----------------+-------------------+-------+-------------+---------------+-------------+----------+----------------+----------+------------+
| Global Id | Driver Type/Pin | Driver Region (D) | Clock | Period (ns) | Waveform (ns) | Slice Loads | IO Loads | Clocking Loads | GT Loads | Net        |
+-----------+-----------------+-------------------+-------+-------------+---------------+-------------+----------+----------------+----------+------------+
| g5        | BUFG/O          | n/a               |       |             |               |       37444 |        0 |              0 |        0 | shift_BUFG |
+-----------+-----------------+-------------------+-------+-------------+---------------+-------------+----------+----------------+----------+------------+
* Logic Loads column represents load cell count of all cell types other than IO, GT and clock resources
** IO Loads column represents load cell count of IO types
*** Clocking Loads column represents load cell count that are clock resources (global clock buffer, MMCM, PLL, etc)
**** GT Loads column represents load cell count of GT types


+----+-------+-------+
|    | X0    | X1    |
+----+-------+-------+
| Y4 |   176 |  1874 |
| Y3 |  3583 |  5461 |
| Y2 |  4390 |  5334 |
| Y1 |  5677 |  5215 |
| Y0 |  2695 |  3039 |
+----+-------+-------+


12. Device Cell Placement Summary for Global Clock g6
-----------------------------------------------------

+-----------+-----------------+-------------------+---------------+-------------+----------------+-------------+----------+----------------+----------+---------------------+
| Global Id | Driver Type/Pin | Driver Region (D) | Clock         | Period (ns) | Waveform (ns)  | Slice Loads | IO Loads | Clocking Loads | GT Loads | Net                 |
+-----------+-----------------+-------------------+---------------+-------------+----------------+-------------+----------+----------------+----------+---------------------+
| g6        | BUFG/O          | n/a               | adc_clk_wiz_0 |      33.898 | {0.000 16.949} |           0 |        1 |              0 |        0 | ccd_clocks/inst/adc |
+-----------+-----------------+-------------------+---------------+-------------+----------------+-------------+----------+----------------+----------+---------------------+
* Logic Loads column represents load cell count of all cell types other than IO, GT and clock resources
** IO Loads column represents load cell count of IO types
*** Clocking Loads column represents load cell count that are clock resources (global clock buffer, MMCM, PLL, etc)
**** GT Loads column represents load cell count of GT types


+----+----+----+
|    | X0 | X1 |
+----+----+----+
| Y4 |  0 |  0 |
| Y3 |  0 |  0 |
| Y2 |  1 |  0 |
| Y1 |  0 |  0 |
| Y0 |  0 |  0 |
+----+----+----+


13. Device Cell Placement Summary for Global Clock g7
-----------------------------------------------------

+-----------+-----------------+-------------------+-----------------+-------------+---------------+-------------+----------+----------------+----------+-----------------------+
| Global Id | Driver Type/Pin | Driver Region (D) | Clock           | Period (ns) | Waveform (ns) | Slice Loads | IO Loads | Clocking Loads | GT Loads | Net                   |
+-----------+-----------------+-------------------+-----------------+-------------+---------------+-------------+----------+----------------+----------+-----------------------+
| g7        | BUFG/O          | n/a               | clamp_clk_wiz_0 |      33.898 | {0.942 4.230} |           0 |        1 |              0 |        0 | ccd_clocks/inst/clamp |
+-----------+-----------------+-------------------+-----------------+-------------+---------------+-------------+----------+----------------+----------+-----------------------+
* Logic Loads column represents load cell count of all cell types other than IO, GT and clock resources
** IO Loads column represents load cell count of IO types
*** Clocking Loads column represents load cell count that are clock resources (global clock buffer, MMCM, PLL, etc)
**** GT Loads column represents load cell count of GT types


+----+----+----+
|    | X0 | X1 |
+----+----+----+
| Y4 |  0 |  0 |
| Y3 |  0 |  0 |
| Y2 |  1 |  0 |
| Y1 |  0 |  0 |
| Y0 |  0 |  0 |
+----+----+----+


14. Device Cell Placement Summary for Global Clock g8
-----------------------------------------------------

+-----------+-----------------+-------------------+------------------+-------------+----------------+-------------+----------+----------------+----------+------------------------+
| Global Id | Driver Type/Pin | Driver Region (D) | Clock            | Period (ns) | Waveform (ns)  | Slice Loads | IO Loads | Clocking Loads | GT Loads | Net                    |
+-----------+-----------------+-------------------+------------------+-------------+----------------+-------------+----------+----------------+----------+------------------------+
| g8        | BUFG/O          | n/a               | hphi_1_clk_wiz_0 |      33.898 | {0.000 16.949} |           0 |        1 |              0 |        0 | ccd_clocks/inst/hphi_1 |
+-----------+-----------------+-------------------+------------------+-------------+----------------+-------------+----------+----------------+----------+------------------------+
* Logic Loads column represents load cell count of all cell types other than IO, GT and clock resources
** IO Loads column represents load cell count of IO types
*** Clocking Loads column represents load cell count that are clock resources (global clock buffer, MMCM, PLL, etc)
**** GT Loads column represents load cell count of GT types


+----+----+----+
|    | X0 | X1 |
+----+----+----+
| Y4 |  0 |  0 |
| Y3 |  0 |  0 |
| Y2 |  1 |  0 |
| Y1 |  0 |  0 |
| Y0 |  0 |  0 |
+----+----+----+


15. Device Cell Placement Summary for Global Clock g9
-----------------------------------------------------

+-----------+-----------------+-------------------+------------------+-------------+-----------------+-------------+----------+----------------+----------+------------------------+
| Global Id | Driver Type/Pin | Driver Region (D) | Clock            | Period (ns) | Waveform (ns)   | Slice Loads | IO Loads | Clocking Loads | GT Loads | Net                    |
+-----------+-----------------+-------------------+------------------+-------------+-----------------+-------------+----------+----------------+----------+------------------------+
| g9        | BUFG/O          | n/a               | hphi_2_clk_wiz_0 |      33.898 | {16.949 33.898} |           0 |        1 |              0 |        0 | ccd_clocks/inst/hphi_2 |
+-----------+-----------------+-------------------+------------------+-------------+-----------------+-------------+----------+----------------+----------+------------------------+
* Logic Loads column represents load cell count of all cell types other than IO, GT and clock resources
** IO Loads column represents load cell count of IO types
*** Clocking Loads column represents load cell count that are clock resources (global clock buffer, MMCM, PLL, etc)
**** GT Loads column represents load cell count of GT types


+----+----+----+
|    | X0 | X1 |
+----+----+----+
| Y4 |  0 |  0 |
| Y3 |  0 |  0 |
| Y2 |  1 |  0 |
| Y1 |  0 |  0 |
| Y0 |  0 |  0 |
+----+----+----+


16. Device Cell Placement Summary for Global Clock g10
------------------------------------------------------

+-----------+-----------------+-------------------+-----------------+-------------+---------------+-------------+----------+----------------+----------+-----------------------+
| Global Id | Driver Type/Pin | Driver Region (D) | Clock           | Period (ns) | Waveform (ns) | Slice Loads | IO Loads | Clocking Loads | GT Loads | Net                   |
+-----------+-----------------+-------------------+-----------------+-------------+---------------+-------------+----------+----------------+----------+-----------------------+
| g10       | BUFG/O          | n/a               | phirg_clk_wiz_0 |      33.898 | {0.000 3.288} |           0 |        1 |              0 |        0 | ccd_clocks/inst/phirg |
+-----------+-----------------+-------------------+-----------------+-------------+---------------+-------------+----------+----------------+----------+-----------------------+
* Logic Loads column represents load cell count of all cell types other than IO, GT and clock resources
** IO Loads column represents load cell count of IO types
*** Clocking Loads column represents load cell count that are clock resources (global clock buffer, MMCM, PLL, etc)
**** GT Loads column represents load cell count of GT types


+----+----+----+
|    | X0 | X1 |
+----+----+----+
| Y4 |  0 |  0 |
| Y3 |  0 |  0 |
| Y2 |  1 |  0 |
| Y1 |  0 |  0 |
| Y0 |  0 |  0 |
+----+----+----+


17. Device Cell Placement Summary for Global Clock g11
------------------------------------------------------

+-----------+-----------------+-------------------+------------------+-------------+----------------+-------------+----------+----------------+----------+------------------------+
| Global Id | Driver Type/Pin | Driver Region (D) | Clock            | Period (ns) | Waveform (ns)  | Slice Loads | IO Loads | Clocking Loads | GT Loads | Net                    |
+-----------+-----------------+-------------------+------------------+-------------+----------------+-------------+----------+----------------+----------+------------------------+
| g11       | BUFG/O          | n/a               | sample_clk_wiz_0 |      33.898 | {4.230 34.840} |           0 |        1 |              0 |        0 | ccd_clocks/inst/sample |
+-----------+-----------------+-------------------+------------------+-------------+----------------+-------------+----------+----------------+----------+------------------------+
* Logic Loads column represents load cell count of all cell types other than IO, GT and clock resources
** IO Loads column represents load cell count of IO types
*** Clocking Loads column represents load cell count that are clock resources (global clock buffer, MMCM, PLL, etc)
**** GT Loads column represents load cell count of GT types


+----+----+----+
|    | X0 | X1 |
+----+----+----+
| Y4 |  0 |  0 |
| Y3 |  0 |  0 |
| Y2 |  1 |  0 |
| Y1 |  0 |  0 |
| Y0 |  0 |  0 |
+----+----+----+


18. Clock Region Cell Placement per Global Clock: Region X0Y0
-------------------------------------------------------------

+-----------+-------+-----------------+------------+-------------+-----------------+------+--------+------+-----+----+------+-----+---------+---------------+
| Global Id | Track | Driver Type/Pin | Constraint | Clock Loads | Non-Clock Loads | FF   | LUTRAM | RAMB | DSP | GT | MMCM | PLL | Hard IP | Net           |
+-----------+-------+-----------------+------------+-------------+-----------------+------+--------+------+-----+----+------+-----+---------+---------------+
| g0        | n/a   | BUFG/O          | None       |        5378 |               0 | 5378 |      0 |    0 |   0 |  0 |    0 |   0 |       0 | CLK_IBUF_BUFG |
| g5        | n/a   | BUFG/O          | None       |           0 |            2695 | 2695 |      0 |    0 |   0 |  0 |    0 |   0 |       0 | shift_BUFG    |
+-----------+-------+-----------------+------------+-------------+-----------------+------+--------+------+-----+----+------+-----+---------+---------------+
* Clock Loads column represents the clock pin loads (pin count)
** Non-Clock Loads column represents the non-clock pin loads (pin count)
*** Columns FF, LUTRAM, RAMB through 'Hard IP' represents load cell counts


19. Clock Region Cell Placement per Global Clock: Region X1Y0
-------------------------------------------------------------

+-----------+-------+-----------------+------------+-------------+-----------------+------+--------+------+-----+----+------+-----+---------+----------------------------------------+
| Global Id | Track | Driver Type/Pin | Constraint | Clock Loads | Non-Clock Loads | FF   | LUTRAM | RAMB | DSP | GT | MMCM | PLL | Hard IP | Net                                    |
+-----------+-------+-----------------+------------+-------------+-----------------+------+--------+------+-----+----+------+-----+---------+----------------------------------------+
| g0        | n/a   | BUFG/O          | None       |        6059 |               0 | 6058 |      0 |    0 |   0 |  0 |    1 |   0 |       0 | CLK_IBUF_BUFG                          |
| g4        | n/a   | BUFG/O          | None       |           1 |               0 |    0 |      0 |    0 |   0 |  0 |    1 |   0 |       0 | ccd_clocks/inst/clkfbout_buf_clk_wiz_0 |
| g5        | n/a   | BUFG/O          | None       |           0 |            3039 | 3039 |      0 |    0 |   0 |  0 |    0 |   0 |       0 | shift_BUFG                             |
+-----------+-------+-----------------+------------+-------------+-----------------+------+--------+------+-----+----+------+-----+---------+----------------------------------------+
* Clock Loads column represents the clock pin loads (pin count)
** Non-Clock Loads column represents the non-clock pin loads (pin count)
*** Columns FF, LUTRAM, RAMB through 'Hard IP' represents load cell counts


20. Clock Region Cell Placement per Global Clock: Region X0Y1
-------------------------------------------------------------

+-----------+-------+-----------------+------------+-------------+-----------------+-------+--------+------+-----+----+------+-----+---------+--------------------+
| Global Id | Track | Driver Type/Pin | Constraint | Clock Loads | Non-Clock Loads | FF    | LUTRAM | RAMB | DSP | GT | MMCM | PLL | Hard IP | Net                |
+-----------+-------+-----------------+------------+-------------+-----------------+-------+--------+------+-----+----+------+-----+---------+--------------------+
| g0        | n/a   | BUFG/O          | None       |       11378 |               0 | 11378 |      0 |    0 |   0 |  0 |    0 |   0 |       0 | CLK_IBUF_BUFG      |
| g3        | n/a   | BUFG/O          | None       |           0 |              14 |    14 |      0 |    0 |   0 |  0 |    0 |   0 |       0 | reset_pix_cnt_BUFG |
| g5        | n/a   | BUFG/O          | None       |           0 |            5677 |  5677 |      0 |    0 |   0 |  0 |    0 |   0 |       0 | shift_BUFG         |
+-----------+-------+-----------------+------------+-------------+-----------------+-------+--------+------+-----+----+------+-----+---------+--------------------+
* Clock Loads column represents the clock pin loads (pin count)
** Non-Clock Loads column represents the non-clock pin loads (pin count)
*** Columns FF, LUTRAM, RAMB through 'Hard IP' represents load cell counts


21. Clock Region Cell Placement per Global Clock: Region X1Y1
-------------------------------------------------------------

+-----------+-------+-----------------+------------+-------------+-----------------+-------+--------+------+-----+----+------+-----+---------+----------------------------+
| Global Id | Track | Driver Type/Pin | Constraint | Clock Loads | Non-Clock Loads | FF    | LUTRAM | RAMB | DSP | GT | MMCM | PLL | Hard IP | Net                        |
+-----------+-------+-----------------+------------+-------------+-----------------+-------+--------+------+-----+----+------+-----+---------+----------------------------+
| g0        | n/a   | BUFG/O          | None       |       10464 |               0 | 10464 |      0 |    0 |   0 |  0 |    0 |   0 |       0 | CLK_IBUF_BUFG              |
| g2        | n/a   | BUFG/O          | None       |           1 |               0 |     1 |      0 |    0 |   0 |  0 |    0 |   0 |       0 | reset_pix_cnt_display_BUFG |
| g5        | n/a   | BUFG/O          | None       |           0 |            5215 |  5215 |      0 |    0 |   0 |  0 |    0 |   0 |       0 | shift_BUFG                 |
+-----------+-------+-----------------+------------+-------------+-----------------+-------+--------+------+-----+----+------+-----+---------+----------------------------+
* Clock Loads column represents the clock pin loads (pin count)
** Non-Clock Loads column represents the non-clock pin loads (pin count)
*** Columns FF, LUTRAM, RAMB through 'Hard IP' represents load cell counts


22. Clock Region Cell Placement per Global Clock: Region X0Y2
-------------------------------------------------------------

+-----------+-------+-----------------+------------+-------------+-----------------+------+--------+------+-----+----+------+-----+---------+----------------------------+
| Global Id | Track | Driver Type/Pin | Constraint | Clock Loads | Non-Clock Loads | FF   | LUTRAM | RAMB | DSP | GT | MMCM | PLL | Hard IP | Net                        |
+-----------+-------+-----------------+------------+-------------+-----------------+------+--------+------+-----+----+------+-----+---------+----------------------------+
| g0        | n/a   | BUFG/O          | None       |        8820 |               0 | 8820 |      0 |    0 |   0 |  0 |    0 |   0 |       0 | CLK_IBUF_BUFG              |
| g1        | n/a   | BUFG/O          | None       |          74 |               0 |   74 |      0 |    0 |   0 |  0 |    0 |   0 |       0 | DISP_MCLK_OBUF_BUFG        |
| g2        | n/a   | BUFG/O          | None       |          48 |              74 |  122 |      0 |    0 |   0 |  0 |    0 |   0 |       0 | reset_pix_cnt_display_BUFG |
| g3        | n/a   | BUFG/O          | None       |           3 |              58 |   61 |      0 |    0 |   0 |  0 |    0 |   0 |       0 | reset_pix_cnt_BUFG         |
| g5        | n/a   | BUFG/O          | None       |           0 |            4390 | 4389 |      0 |    0 |   0 |  0 |    0 |   0 |       0 | shift_BUFG                 |
| g6        | n/a   | BUFG/O          | None       |           0 |               1 |    0 |      0 |    0 |   0 |  0 |    0 |   0 |       0 | ccd_clocks/inst/adc        |
| g7        | n/a   | BUFG/O          | None       |           0 |               1 |    0 |      0 |    0 |   0 |  0 |    0 |   0 |       0 | ccd_clocks/inst/clamp      |
| g8        | n/a   | BUFG/O          | None       |           0 |               1 |    0 |      0 |    0 |   0 |  0 |    0 |   0 |       0 | ccd_clocks/inst/hphi_1     |
| g9        | n/a   | BUFG/O          | None       |           0 |               1 |    0 |      0 |    0 |   0 |  0 |    0 |   0 |       0 | ccd_clocks/inst/hphi_2     |
| g10       | n/a   | BUFG/O          | None       |           0 |               1 |    0 |      0 |    0 |   0 |  0 |    0 |   0 |       0 | ccd_clocks/inst/phirg      |
| g11       | n/a   | BUFG/O          | None       |           0 |               1 |    0 |      0 |    0 |   0 |  0 |    0 |   0 |       0 | ccd_clocks/inst/sample     |
+-----------+-------+-----------------+------------+-------------+-----------------+------+--------+------+-----+----+------+-----+---------+----------------------------+
* Clock Loads column represents the clock pin loads (pin count)
** Non-Clock Loads column represents the non-clock pin loads (pin count)
*** Columns FF, LUTRAM, RAMB through 'Hard IP' represents load cell counts


23. Clock Region Cell Placement per Global Clock: Region X1Y2
-------------------------------------------------------------

+-----------+-------+-----------------+------------+-------------+-----------------+-------+--------+------+-----+----+------+-----+---------+----------------------------+
| Global Id | Track | Driver Type/Pin | Constraint | Clock Loads | Non-Clock Loads | FF    | LUTRAM | RAMB | DSP | GT | MMCM | PLL | Hard IP | Net                        |
+-----------+-------+-----------------+------------+-------------+-----------------+-------+--------+------+-----+----+------+-----+---------+----------------------------+
| g0        | n/a   | BUFG/O          | None       |       10650 |               0 | 10650 |      0 |    0 |   0 |  0 |    0 |   0 |       0 | CLK_IBUF_BUFG              |
| g1        | n/a   | BUFG/O          | None       |           4 |               0 |     4 |      0 |    0 |   0 |  0 |    0 |   0 |       0 | DISP_MCLK_OBUF_BUFG        |
| g2        | n/a   | BUFG/O          | None       |           1 |               4 |     5 |      0 |    0 |   0 |  0 |    0 |   0 |       0 | reset_pix_cnt_display_BUFG |
| g5        | n/a   | BUFG/O          | None       |           0 |            5334 |  5334 |      0 |    0 |   0 |  0 |    0 |   0 |       0 | shift_BUFG                 |
+-----------+-------+-----------------+------------+-------------+-----------------+-------+--------+------+-----+----+------+-----+---------+----------------------------+
* Clock Loads column represents the clock pin loads (pin count)
** Non-Clock Loads column represents the non-clock pin loads (pin count)
*** Columns FF, LUTRAM, RAMB through 'Hard IP' represents load cell counts


24. Clock Region Cell Placement per Global Clock: Region X0Y3
-------------------------------------------------------------

+-----------+-------+-----------------+------------+-------------+-----------------+------+--------+------+-----+----+------+-----+---------+----------------------------+
| Global Id | Track | Driver Type/Pin | Constraint | Clock Loads | Non-Clock Loads | FF   | LUTRAM | RAMB | DSP | GT | MMCM | PLL | Hard IP | Net                        |
+-----------+-------+-----------------+------------+-------------+-----------------+------+--------+------+-----+----+------+-----+---------+----------------------------+
| g0        | n/a   | BUFG/O          | None       |        7150 |               0 | 7150 |      0 |    0 |   0 |  0 |    0 |   0 |       0 | CLK_IBUF_BUFG              |
| g1        | n/a   | BUFG/O          | None       |          14 |               0 |   14 |      0 |    0 |   0 |  0 |    0 |   0 |       0 | DISP_MCLK_OBUF_BUFG        |
| g2        | n/a   | BUFG/O          | None       |           0 |              14 |   14 |      0 |    0 |   0 |  0 |    0 |   0 |       0 | reset_pix_cnt_display_BUFG |
| g5        | n/a   | BUFG/O          | None       |           0 |            3583 | 3583 |      0 |    0 |   0 |  0 |    0 |   0 |       0 | shift_BUFG                 |
+-----------+-------+-----------------+------------+-------------+-----------------+------+--------+------+-----+----+------+-----+---------+----------------------------+
* Clock Loads column represents the clock pin loads (pin count)
** Non-Clock Loads column represents the non-clock pin loads (pin count)
*** Columns FF, LUTRAM, RAMB through 'Hard IP' represents load cell counts


25. Clock Region Cell Placement per Global Clock: Region X1Y3
-------------------------------------------------------------

+-----------+-------+-----------------+------------+-------------+-----------------+-------+--------+------+-----+----+------+-----+---------+----------------------------+
| Global Id | Track | Driver Type/Pin | Constraint | Clock Loads | Non-Clock Loads | FF    | LUTRAM | RAMB | DSP | GT | MMCM | PLL | Hard IP | Net                        |
+-----------+-------+-----------------+------------+-------------+-----------------+-------+--------+------+-----+----+------+-----+---------+----------------------------+
| g0        | n/a   | BUFG/O          | None       |       10935 |               0 | 10935 |      0 |    0 |   0 |  0 |    0 |   0 |       0 | CLK_IBUF_BUFG              |
| g1        | n/a   | BUFG/O          | None       |           4 |               0 |     4 |      0 |    0 |   0 |  0 |    0 |   0 |       0 | DISP_MCLK_OBUF_BUFG        |
| g2        | n/a   | BUFG/O          | None       |           0 |               4 |     4 |      0 |    0 |   0 |  0 |    0 |   0 |       0 | reset_pix_cnt_display_BUFG |
| g5        | n/a   | BUFG/O          | None       |           0 |            5461 |  5461 |      0 |    0 |   0 |  0 |    0 |   0 |       0 | shift_BUFG                 |
+-----------+-------+-----------------+------------+-------------+-----------------+-------+--------+------+-----+----+------+-----+---------+----------------------------+
* Clock Loads column represents the clock pin loads (pin count)
** Non-Clock Loads column represents the non-clock pin loads (pin count)
*** Columns FF, LUTRAM, RAMB through 'Hard IP' represents load cell counts


26. Clock Region Cell Placement per Global Clock: Region X0Y4
-------------------------------------------------------------

+-----------+-------+-----------------+------------+-------------+-----------------+-----+--------+------+-----+----+------+-----+---------+---------------------+
| Global Id | Track | Driver Type/Pin | Constraint | Clock Loads | Non-Clock Loads | FF  | LUTRAM | RAMB | DSP | GT | MMCM | PLL | Hard IP | Net                 |
+-----------+-------+-----------------+------------+-------------+-----------------+-----+--------+------+-----+----+------+-----+---------+---------------------+
| g0        | n/a   | BUFG/O          | None       |         368 |               0 | 368 |      0 |    0 |   0 |  0 |    0 |   0 |       0 | CLK_IBUF_BUFG       |
| g1        | n/a   | BUFG/O          | None       |           0 |               1 |   0 |      0 |    0 |   0 |  0 |    0 |   0 |       0 | DISP_MCLK_OBUF_BUFG |
| g5        | n/a   | BUFG/O          | None       |           0 |             176 | 176 |      0 |    0 |   0 |  0 |    0 |   0 |       0 | shift_BUFG          |
+-----------+-------+-----------------+------------+-------------+-----------------+-----+--------+------+-----+----+------+-----+---------+---------------------+
* Clock Loads column represents the clock pin loads (pin count)
** Non-Clock Loads column represents the non-clock pin loads (pin count)
*** Columns FF, LUTRAM, RAMB through 'Hard IP' represents load cell counts


27. Clock Region Cell Placement per Global Clock: Region X1Y4
-------------------------------------------------------------

+-----------+-------+-----------------+------------+-------------+-----------------+------+--------+------+-----+----+------+-----+---------+---------------+
| Global Id | Track | Driver Type/Pin | Constraint | Clock Loads | Non-Clock Loads | FF   | LUTRAM | RAMB | DSP | GT | MMCM | PLL | Hard IP | Net           |
+-----------+-------+-----------------+------------+-------------+-----------------+------+--------+------+-----+----+------+-----+---------+---------------+
| g0        | n/a   | BUFG/O          | None       |        3751 |               0 | 3751 |      0 |    0 |   0 |  0 |    0 |   0 |       0 | CLK_IBUF_BUFG |
| g5        | n/a   | BUFG/O          | None       |           0 |            1874 | 1874 |      0 |    0 |   0 |  0 |    0 |   0 |       0 | shift_BUFG    |
+-----------+-------+-----------------+------------+-------------+-----------------+------+--------+------+-----+----+------+-----+---------+---------------+
* Clock Loads column represents the clock pin loads (pin count)
** Non-Clock Loads column represents the non-clock pin loads (pin count)
*** Columns FF, LUTRAM, RAMB through 'Hard IP' represents load cell counts



# Location of BUFG Primitives 
set_property LOC BUFGCTRL_X0Y7 [get_cells shift_BUFG_inst]
set_property LOC BUFGCTRL_X0Y8 [get_cells reset_pix_cnt_display_BUFG_inst]
set_property LOC BUFGCTRL_X0Y9 [get_cells reset_pix_cnt_BUFG_inst]
set_property LOC BUFGCTRL_X0Y2 [get_cells ccd_clocks/inst/clkout3_buf]
set_property LOC BUFGCTRL_X0Y3 [get_cells ccd_clocks/inst/clkout4_buf]
set_property LOC BUFGCTRL_X0Y0 [get_cells ccd_clocks/inst/clkout1_buf]
set_property LOC BUFGCTRL_X0Y4 [get_cells ccd_clocks/inst/clkout5_buf]
set_property LOC BUFGCTRL_X0Y10 [get_cells ccd_clocks/inst/clkf_buf]
set_property LOC BUFGCTRL_X0Y1 [get_cells ccd_clocks/inst/clkout2_buf]
set_property LOC BUFGCTRL_X0Y5 [get_cells ccd_clocks/inst/clkout6_buf]
set_property LOC BUFGCTRL_X0Y16 [get_cells DISP_MCLK_OBUF_BUFG_inst]
set_property LOC BUFGCTRL_X0Y6 [get_cells CLK_IBUF_BUFG_inst]

# Location of IO Primitives which is load of clock spine
set_property LOC IOB_X0Y107 [get_cells SAMPLE_OBUF_inst]
set_property LOC IOB_X0Y108 [get_cells PHIRG_OBUF_inst]
set_property LOC IOB_X0Y127 [get_cells HPHI2_OBUF_inst]
set_property LOC IOB_X0Y125 [get_cells HPHI1_OBUF_inst]
set_property LOC IOB_X0Y224 [get_cells DISP_MCLK_OBUF_inst]
set_property LOC IOB_X0Y134 [get_cells CLAMP_OBUF_inst]
set_property LOC IOB_X0Y102 [get_cells ADC_CLK_OBUF_inst]

# Location of clock ports
set_property LOC IOB_X0Y124 [get_ports CLK]
set_property LOC IOB_X0Y222 [get_ports CLK_DISPLAY]

# Clock net "shift_BUFG" driven by instance "shift_BUFG_inst" located at site "BUFGCTRL_X0Y7"
#startgroup
create_pblock {CLKAG_shift_BUFG}
add_cells_to_pblock [get_pblocks  {CLKAG_shift_BUFG}] [get_cells -filter { PRIMITIVE_GROUP != I/O && IS_PRIMITIVE==1 && PRIMITIVE_LEVEL !=INTERNAL } -of_object [get_pins -filter {DIRECTION==IN} -of_objects [get_nets -hierarchical -filter {PARENT=="shift_BUFG"}]]]
resize_pblock [get_pblocks {CLKAG_shift_BUFG}] -add {CLOCKREGION_X0Y0:CLOCKREGION_X0Y0 CLOCKREGION_X0Y1:CLOCKREGION_X0Y1 CLOCKREGION_X0Y2:CLOCKREGION_X0Y2 CLOCKREGION_X0Y3:CLOCKREGION_X0Y3 CLOCKREGION_X0Y4:CLOCKREGION_X0Y4 CLOCKREGION_X1Y0:CLOCKREGION_X1Y0 CLOCKREGION_X1Y1:CLOCKREGION_X1Y1 CLOCKREGION_X1Y2:CLOCKREGION_X1Y2 CLOCKREGION_X1Y3:CLOCKREGION_X1Y3 CLOCKREGION_X1Y4:CLOCKREGION_X1Y4}
#endgroup

# Clock net "reset_pix_cnt_display_BUFG" driven by instance "reset_pix_cnt_display_BUFG_inst" located at site "BUFGCTRL_X0Y8"
#startgroup
create_pblock {CLKAG_reset_pix_cnt_display_BUFG}
add_cells_to_pblock [get_pblocks  {CLKAG_reset_pix_cnt_display_BUFG}] [get_cells -filter { PRIMITIVE_GROUP != I/O && IS_PRIMITIVE==1 && PRIMITIVE_LEVEL !=INTERNAL } -of_object [get_pins -filter {DIRECTION==IN} -of_objects [get_nets -hierarchical -filter {PARENT=="reset_pix_cnt_display_BUFG"}]]]
resize_pblock [get_pblocks {CLKAG_reset_pix_cnt_display_BUFG}] -add {CLOCKREGION_X0Y2:CLOCKREGION_X0Y2 CLOCKREGION_X0Y3:CLOCKREGION_X0Y3 CLOCKREGION_X1Y1:CLOCKREGION_X1Y1 CLOCKREGION_X1Y2:CLOCKREGION_X1Y2 CLOCKREGION_X1Y3:CLOCKREGION_X1Y3}
#endgroup

# Clock net "reset_pix_cnt_BUFG" driven by instance "reset_pix_cnt_BUFG_inst" located at site "BUFGCTRL_X0Y9"
#startgroup
create_pblock {CLKAG_reset_pix_cnt_BUFG}
add_cells_to_pblock [get_pblocks  {CLKAG_reset_pix_cnt_BUFG}] [get_cells -filter { PRIMITIVE_GROUP != I/O && IS_PRIMITIVE==1 && PRIMITIVE_LEVEL !=INTERNAL } -of_object [get_pins -filter {DIRECTION==IN} -of_objects [get_nets -hierarchical -filter {PARENT=="reset_pix_cnt_BUFG"}]]]
resize_pblock [get_pblocks {CLKAG_reset_pix_cnt_BUFG}] -add {CLOCKREGION_X0Y1:CLOCKREGION_X0Y1 CLOCKREGION_X0Y2:CLOCKREGION_X0Y2}
#endgroup

# Clock net "DISP_MCLK_OBUF_BUFG" driven by instance "DISP_MCLK_OBUF_BUFG_inst" located at site "BUFGCTRL_X0Y16"
#startgroup
create_pblock {CLKAG_DISP_MCLK_OBUF_BUFG}
add_cells_to_pblock [get_pblocks  {CLKAG_DISP_MCLK_OBUF_BUFG}] [get_cells -filter { PRIMITIVE_GROUP != I/O && IS_PRIMITIVE==1 && PRIMITIVE_LEVEL !=INTERNAL && NAME!=DISP_MCLK_OBUF_inst} -of_object [get_pins -filter {DIRECTION==IN} -of_objects [get_nets -hierarchical -filter {PARENT=="DISP_MCLK_OBUF_BUFG"}]]]
resize_pblock [get_pblocks {CLKAG_DISP_MCLK_OBUF_BUFG}] -add {CLOCKREGION_X0Y2:CLOCKREGION_X0Y2 CLOCKREGION_X0Y3:CLOCKREGION_X0Y3 CLOCKREGION_X1Y2:CLOCKREGION_X1Y2 CLOCKREGION_X1Y3:CLOCKREGION_X1Y3}
#endgroup

# Clock net "CLK_IBUF_BUFG" driven by instance "CLK_IBUF_BUFG_inst" located at site "BUFGCTRL_X0Y6"
#startgroup
create_pblock {CLKAG_CLK_IBUF_BUFG}
add_cells_to_pblock [get_pblocks  {CLKAG_CLK_IBUF_BUFG}] [get_cells -filter { PRIMITIVE_GROUP != I/O && IS_PRIMITIVE==1 && PRIMITIVE_LEVEL !=INTERNAL && NAME!=ccd_clocks/inst/mmcm_adv_inst} -of_object [get_pins -filter {DIRECTION==IN} -of_objects [get_nets -hierarchical -filter {PARENT=="CLK_IBUF_BUFG"}]]]
resize_pblock [get_pblocks {CLKAG_CLK_IBUF_BUFG}] -add {CLOCKREGION_X0Y0:CLOCKREGION_X0Y0 CLOCKREGION_X0Y1:CLOCKREGION_X0Y1 CLOCKREGION_X0Y2:CLOCKREGION_X0Y2 CLOCKREGION_X0Y3:CLOCKREGION_X0Y3 CLOCKREGION_X0Y4:CLOCKREGION_X0Y4 CLOCKREGION_X1Y0:CLOCKREGION_X1Y0 CLOCKREGION_X1Y1:CLOCKREGION_X1Y1 CLOCKREGION_X1Y2:CLOCKREGION_X1Y2 CLOCKREGION_X1Y3:CLOCKREGION_X1Y3 CLOCKREGION_X1Y4:CLOCKREGION_X1Y4}
#endgroup
